// Jest Snapshot v1, https://goo.gl/fbAQLP

exports[`test sortpage test initialized state 1`] = `
<div>
  <Header
    className="site-layout-background"
    style={
      Object {
        "padding": 0,
      }
    }
  >
    <div
      id="header-content"
    >
      <div
        id="oligei"
      >
        <img
          height="80px"
          src={null}
          width="200px"
        />
      </div>
      <div
        id="menusortDiv"
      >
        <Button
          block={false}
          ghost={false}
          href="/"
          htmlType="button"
          id="menuButton"
          loading={false}
          type="primary"
        >
          首页
        </Button>
        <Button
          block={false}
          ghost={false}
          href="/sortPage"
          htmlType="button"
          id="sortButton"
          loading={false}
          type="primary"
        >
          分类
        </Button>
      </div>
      <div
        id="searchDiv"
      >
        <Search
          enterButton="搜索"
          id="searchInput"
          onSearch={[Function]}
          placeholder="搜索明星、演出、体育赛事"
          size="large"
        />
      </div>
      <Avatar
        icon={<ForwardRef(UserOutlined) />}
        id="profileOperate"
        shape="circle"
        size="default"
      />
      <Dropdown
        mouseEnterDelay={0.15}
        mouseLeaveDelay={0.1}
        overlay={
          <Menu>
            <MenuItem>
              <a
                href="/login"
              >
                个人信息
              </a>
            </MenuItem>
            <MenuItem>
              <a
                href="/login"
              >
                订单管理
              </a>
            </MenuItem>
            <MenuItem>
              <p
                className="menuItem"
                onClick={[Function]}
              >
                登出
              </p>
            </MenuItem>
          </Menu>
        }
      >
        <Button
          block={false}
          ghost={false}
          href="/login"
          htmlType="button"
          id="profileOperate"
          loading={false}
        >
          登录
        </Button>
      </Dropdown>
    </div>
  </Header>
  <Divider
    className="divider"
    plain={true}
  >
     
  </Divider>
  <div
    id="classify"
  >
    <div
      id="cityDiv"
    >
      <Collapse
        bordered={false}
        expandIcon={[Function]}
        onChange={[Function]}
      >
        <CollapsePanel
          className="site-collapse-custom-panel"
          extra={
            <a
              onClick={[Function]}
            >
              清除
            </a>
          }
          header="分类：全部"
          key="1"
        >
          <div>
            <DropdownButton
              buttonsRender={[Function]}
              onClick={[Function]}
              overlay={
                <Menu
                  onClick={[Function]}
                >
                  <MenuItem>
                    展会
                  </MenuItem>
                  <MenuItem>
                    特色体验
                  </MenuItem>
                  <MenuItem>
                    其他展览休闲
                  </MenuItem>
                </Menu>
              }
              type="primary"
            >
              展览休闲
            </DropdownButton>
               
            <DropdownButton
              buttonsRender={[Function]}
              onClick={[Function]}
              overlay={
                <Menu
                  onClick={[Function]}
                >
                  <MenuItem>
                    话剧
                  </MenuItem>
                  <MenuItem>
                    音乐剧
                  </MenuItem>
                  <MenuItem>
                    其他话剧歌剧
                  </MenuItem>
                </Menu>
              }
              type="primary"
            >
              话剧歌剧
            </DropdownButton>
               
            <DropdownButton
              buttonsRender={[Function]}
              onClick={[Function]}
              overlay={
                <Menu
                  onClick={[Function]}
                >
                  <MenuItem>
                    摇滚
                  </MenuItem>
                  <MenuItem>
                    流行
                  </MenuItem>
                  <MenuItem>
                    音乐节
                  </MenuItem>
                  <MenuItem>
                    其他演唱会
                  </MenuItem>
                </Menu>
              }
              type="primary"
            >
              演唱会
            </DropdownButton>
               
            <DropdownButton
              buttonsRender={[Function]}
              onClick={[Function]}
              overlay={
                <Menu
                  onClick={[Function]}
                >
                  <MenuItem>
                    室内乐及古乐
                  </MenuItem>
                  <MenuItem>
                    独奏
                  </MenuItem>
                  <MenuItem>
                    管弦乐
                  </MenuItem>
                  <MenuItem>
                    其他音乐会
                  </MenuItem>
                </Menu>
              }
              type="primary"
            >
              音乐会
            </DropdownButton>
               
            <div
              style={
                Object {
                  "paddingTop": 20,
                }
              }
            >
               
            </div>
            <DropdownButton
              buttonsRender={[Function]}
              onClick={[Function]}
              overlay={
                <Menu
                  onClick={[Function]}
                >
                  <MenuItem>
                    戏曲
                  </MenuItem>
                  <MenuItem>
                    相声
                  </MenuItem>
                  <MenuItem>
                    魔术
                  </MenuItem>
                  <MenuItem>
                    其他曲苑杂坛
                  </MenuItem>
                </Menu>
              }
              type="primary"
            >
              曲苑杂坛
            </DropdownButton>
               
            <DropdownButton
              buttonsRender={[Function]}
              onClick={[Function]}
              overlay={
                <Menu
                  onClick={[Function]}
                >
                  <MenuItem>
                    球类运动
                  </MenuItem>
                  <MenuItem>
                    田径
                  </MenuItem>
                  <MenuItem>
                    篮球
                  </MenuItem>
                  <MenuItem>
                    足球
                  </MenuItem>
                  <MenuItem>
                    其他体育
                  </MenuItem>
                </Menu>
              }
              type="primary"
            >
              体育
            </DropdownButton>
               
            <DropdownButton
              buttonsRender={[Function]}
              onClick={[Function]}
              overlay={
                <Menu
                  onClick={[Function]}
                >
                  <MenuItem>
                    舞蹈
                  </MenuItem>
                  <MenuItem>
                    其他舞蹈芭蕾
                  </MenuItem>
                </Menu>
              }
              type="primary"
            >
              舞蹈芭蕾
            </DropdownButton>
               
            <DropdownButton
              buttonsRender={[Function]}
              onClick={[Function]}
              overlay={
                <Menu
                  onClick={[Function]}
                >
                  <MenuItem>
                    其他儿童亲子
                  </MenuItem>
                </Menu>
              }
              type="primary"
            >
              儿童亲子
            </DropdownButton>
          </div>
        </CollapsePanel>
        <CollapsePanel
          className="site-collapse-custom-panel"
          extra={
            <a
              onClick={[Function]}
            >
              清除
            </a>
          }
          header="城市选择：全国"
          key="2"
        >
          <Memo([object Object])
            buttonStyle="solid"
            onChange={[Function]}
          >
            <div>
              <Tag
                color="volcano"
              >
                a~g
              </Tag>
            </div>
            <ForwardRef(RadioButton)
              value="阿坝"
            >
              阿坝
            </ForwardRef(RadioButton)>
            <ForwardRef(RadioButton)
              value="北京"
            >
              北京
            </ForwardRef(RadioButton)>
            <ForwardRef(RadioButton)
              value="常州"
            >
              常州
            </ForwardRef(RadioButton)>
            <ForwardRef(RadioButton)
              value="成都"
            >
              成都
            </ForwardRef(RadioButton)>
            <ForwardRef(RadioButton)
              value="重庆"
            >
              重庆
            </ForwardRef(RadioButton)>
            <ForwardRef(RadioButton)
              value="长春"
            >
              长春
            </ForwardRef(RadioButton)>
            <ForwardRef(RadioButton)
              value="长沙"
            >
              长沙
            </ForwardRef(RadioButton)>
            <ForwardRef(RadioButton)
              value="大连"
            >
              大连
            </ForwardRef(RadioButton)>
            <ForwardRef(RadioButton)
              value="东莞"
            >
              东莞
            </ForwardRef(RadioButton)>
            <ForwardRef(RadioButton)
              value="佛山"
            >
              佛山
            </ForwardRef(RadioButton)>
            <ForwardRef(RadioButton)
              value="广州"
            >
              广州
            </ForwardRef(RadioButton)>
            <ForwardRef(RadioButton)
              value="贵阳"
            >
              贵阳
            </ForwardRef(RadioButton)>
            <ForwardRef(RadioButton)
              value="国际及港澳台"
            >
              国际及港澳台
            </ForwardRef(RadioButton)>
            <div
              style={
                Object {
                  "paddingTop": 10,
                }
              }
            >
              <Tag
                color="volcano"
              >
                h~n
              </Tag>
            </div>
            <ForwardRef(RadioButton)
              value="哈尔滨"
            >
              哈尔滨
            </ForwardRef(RadioButton)>
            <ForwardRef(RadioButton)
              value="海口"
            >
              海口
            </ForwardRef(RadioButton)>
            <ForwardRef(RadioButton)
              value="合肥"
            >
              合肥
            </ForwardRef(RadioButton)>
            <ForwardRef(RadioButton)
              value="呼和浩特"
            >
              呼和浩特
            </ForwardRef(RadioButton)>
            <ForwardRef(RadioButton)
              value="济南"
            >
              济南
            </ForwardRef(RadioButton)>
            <ForwardRef(RadioButton)
              value="江门"
            >
              江门
            </ForwardRef(RadioButton)>
            <ForwardRef(RadioButton)
              value="金华"
            >
              金华
            </ForwardRef(RadioButton)>
            <ForwardRef(RadioButton)
              value="昆明"
            >
              昆明
            </ForwardRef(RadioButton)>
            <ForwardRef(RadioButton)
              value="马鞍山"
            >
              马鞍山
            </ForwardRef(RadioButton)>
            <ForwardRef(RadioButton)
              value="南京"
            >
              南京
            </ForwardRef(RadioButton)>
            <ForwardRef(RadioButton)
              value="南宁"
            >
              南宁
            </ForwardRef(RadioButton)>
            <ForwardRef(RadioButton)
              value="南通"
            >
              南通
            </ForwardRef(RadioButton)>
            <ForwardRef(RadioButton)
              value="宁波"
            >
              宁波
            </ForwardRef(RadioButton)>
            <div
              style={
                Object {
                  "paddingTop": 10,
                }
              }
            >
              <Tag
                color="volcano"
              >
                q~w
              </Tag>
            </div>
            <ForwardRef(RadioButton)
              value="青岛"
            >
              青岛
            </ForwardRef(RadioButton)>
            <ForwardRef(RadioButton)
              value="泉州"
            >
              泉州
            </ForwardRef(RadioButton)>
            <ForwardRef(RadioButton)
              value="厦门"
            >
              厦门
            </ForwardRef(RadioButton)>
            <ForwardRef(RadioButton)
              value="上海"
            >
              上海
            </ForwardRef(RadioButton)>
            <ForwardRef(RadioButton)
              value="深圳"
            >
              深圳
            </ForwardRef(RadioButton)>
            <ForwardRef(RadioButton)
              value="沈阳"
            >
              沈阳
            </ForwardRef(RadioButton)>
            <ForwardRef(RadioButton)
              value="石家庄"
            >
              石家庄
            </ForwardRef(RadioButton)>
            <ForwardRef(RadioButton)
              value="苏州"
            >
              苏州
            </ForwardRef(RadioButton)>
            <ForwardRef(RadioButton)
              value="太原"
            >
              太原
            </ForwardRef(RadioButton)>
            <ForwardRef(RadioButton)
              value="天津"
            >
              天津
            </ForwardRef(RadioButton)>
            <ForwardRef(RadioButton)
              value="潍坊"
            >
              潍坊
            </ForwardRef(RadioButton)>
            <ForwardRef(RadioButton)
              value="无锡"
            >
              无锡
            </ForwardRef(RadioButton)>
            <ForwardRef(RadioButton)
              value="武汉"
            >
              武汉
            </ForwardRef(RadioButton)>
            <div
              style={
                Object {
                  "paddingTop": 10,
                }
              }
            >
              <Tag
                color="volcano"
              >
                x~z
              </Tag>
            </div>
            <ForwardRef(RadioButton)
              value="西安"
            >
              西安
            </ForwardRef(RadioButton)>
            <ForwardRef(RadioButton)
              value="兴安盟"
            >
              兴安盟
            </ForwardRef(RadioButton)>
            <ForwardRef(RadioButton)
              value="宜昌"
            >
              宜昌
            </ForwardRef(RadioButton)>
            <ForwardRef(RadioButton)
              value="郑州"
            >
              郑州
            </ForwardRef(RadioButton)>
            <ForwardRef(RadioButton)
              value="中国香港"
            >
              中国香港
            </ForwardRef(RadioButton)>
            <ForwardRef(RadioButton)
              value="中山"
            >
              中山
            </ForwardRef(RadioButton)>
            <ForwardRef(RadioButton)
              value="珠海"
            >
              珠海
            </ForwardRef(RadioButton)>
            <ForwardRef(RadioButton)
              value="株洲"
            >
              株洲
            </ForwardRef(RadioButton)>
          </Memo([object Object])>
        </CollapsePanel>
      </Collapse>
    </div>
  </div>
  <div
    id="sortPageDiv"
    style={
      Object {
        "paddingBottom": 100,
      }
    }
  >
    <List
      dataSource={
        Array [
          Object {
            "actitems": Array [
              Object {
                "actitemid": 5,
                "price": Array [
                  Object {
                    "class": Array [
                      Object {
                        "num": 100,
                        "price": 100,
                      },
                      Object {
                        "num": 100,
                        "price": 560,
                      },
                      Object {
                        "num": 100,
                        "price": 1020,
                      },
                    ],
                    "classcnt": 3,
                    "time": "2020.07.10",
                  },
                  Object {
                    "class": Array [
                      Object {
                        "num": 100,
                        "price": 100,
                      },
                      Object {
                        "num": 100,
                        "price": 560,
                      },
                      Object {
                        "num": 100,
                        "price": 1020,
                      },
                    ],
                    "classcnt": 3,
                    "time": "2020.07.11",
                  },
                ],
                "website": "大麦网",
              },
              Object {
                "actitemid": 5,
                "price": Array [
                  Object {
                    "class": Array [
                      Object {
                        "num": 100,
                        "price": 100,
                      },
                      Object {
                        "num": 100,
                        "price": 566,
                      },
                      Object {
                        "num": 100,
                        "price": 1020,
                      },
                    ],
                    "classcnt": 3,
                    "time": "2020.07.10",
                  },
                  Object {
                    "class": Array [
                      Object {
                        "num": 100,
                        "price": 100,
                      },
                      Object {
                        "num": 100,
                        "price": 566,
                      },
                      Object {
                        "num": 100,
                        "price": 1020,
                      },
                    ],
                    "classcnt": 3,
                    "time": "2020.07.11",
                  },
                ],
                "website": "聚橙网",
              },
              Object {
                "actitemid": 5,
                "price": Array [
                  Object {
                    "class": Array [
                      Object {
                        "num": 100,
                        "price": 100,
                      },
                      Object {
                        "num": 100,
                        "price": 601,
                      },
                      Object {
                        "num": 100,
                        "price": 1020,
                      },
                    ],
                    "classcnt": 3,
                    "time": "2020.07.10",
                  },
                  Object {
                    "class": Array [
                      Object {
                        "num": 100,
                        "price": 100,
                      },
                      Object {
                        "num": 100,
                        "price": 601,
                      },
                      Object {
                        "num": 100,
                        "price": 1020,
                      },
                    ],
                    "classcnt": 3,
                    "time": "2020.07.11",
                  },
                ],
                "website": "永乐票务",
              },
            ],
            "activityIcon": "https://img.alicdn.com/bao/uploaded/https://img.alicdn.com/imgextra/i4/2251059038/O1CN018wyvEj2GdSDYJ4raf_!!2251059038.jpg",
            "actors": "  ",
            "category": "话剧歌剧 ",
            "city": "上海 ",
            "price": 180,
            "price_str": "180-280 ",
            "subcategory": "话剧 ",
            "timescale": "2020.07.07-07.12 ",
            "title": "上海话剧艺术中心·后浪新潮演出季 原创话剧 《谎言背后》 ",
            "venue": "上海话剧艺术中心-戏剧沙龙 ",
          },
          Object {
            "actitems": Array [
              Object {
                "actitemid": 5,
                "price": Array [
                  Object {
                    "class": Array [
                      Object {
                        "num": 100,
                        "price": 100,
                      },
                      Object {
                        "num": 100,
                        "price": 560,
                      },
                      Object {
                        "num": 100,
                        "price": 1020,
                      },
                    ],
                    "classcnt": 3,
                    "time": "2020.07.10",
                  },
                  Object {
                    "class": Array [
                      Object {
                        "num": 100,
                        "price": 100,
                      },
                      Object {
                        "num": 100,
                        "price": 560,
                      },
                      Object {
                        "num": 100,
                        "price": 1020,
                      },
                    ],
                    "classcnt": 3,
                    "time": "2020.07.11",
                  },
                ],
                "website": "大麦网",
              },
              Object {
                "actitemid": 5,
                "price": Array [
                  Object {
                    "class": Array [
                      Object {
                        "num": 100,
                        "price": 100,
                      },
                      Object {
                        "num": 100,
                        "price": 566,
                      },
                      Object {
                        "num": 100,
                        "price": 1020,
                      },
                    ],
                    "classcnt": 3,
                    "time": "2020.07.10",
                  },
                  Object {
                    "class": Array [
                      Object {
                        "num": 100,
                        "price": 100,
                      },
                      Object {
                        "num": 100,
                        "price": 566,
                      },
                      Object {
                        "num": 100,
                        "price": 1020,
                      },
                    ],
                    "classcnt": 3,
                    "time": "2020.07.11",
                  },
                ],
                "website": "聚橙网",
              },
              Object {
                "actitemid": 5,
                "price": Array [
                  Object {
                    "class": Array [
                      Object {
                        "num": 100,
                        "price": 100,
                      },
                      Object {
                        "num": 100,
                        "price": 601,
                      },
                      Object {
                        "num": 100,
                        "price": 1020,
                      },
                    ],
                    "classcnt": 3,
                    "time": "2020.07.10",
                  },
                  Object {
                    "class": Array [
                      Object {
                        "num": 100,
                        "price": 100,
                      },
                      Object {
                        "num": 100,
                        "price": 601,
                      },
                      Object {
                        "num": 100,
                        "price": 1020,
                      },
                    ],
                    "classcnt": 3,
                    "time": "2020.07.11",
                  },
                ],
                "website": "永乐票务",
              },
            ],
            "activityIcon": "https://img.alicdn.com/bao/uploaded/i4/2251059038/O1CN01XkkDjX2GdSEgSeHqR_!!0-item_pic.jpg",
            "actors": "  ",
            "category": "演唱会 ",
            "city": "武汉 ",
            "price": 100,
            "price_str": "100-120 ",
            "subcategory": "其他 ",
            "timescale": "2020.08.30 周日 20:30 ",
            "title": "【紫禁之巅五週年】貳伍吸菸所 「他離開以後，再也沒人懂我」武汉站 ",
            "venue": "VOX LIVEHOUSE 武昌店 ",
          },
          Object {
            "actitems": Array [
              Object {
                "actitemid": 5,
                "price": Array [
                  Object {
                    "class": Array [
                      Object {
                        "num": 100,
                        "price": 100,
                      },
                      Object {
                        "num": 100,
                        "price": 560,
                      },
                      Object {
                        "num": 100,
                        "price": 1020,
                      },
                    ],
                    "classcnt": 3,
                    "time": "2020.07.10",
                  },
                  Object {
                    "class": Array [
                      Object {
                        "num": 100,
                        "price": 100,
                      },
                      Object {
                        "num": 100,
                        "price": 560,
                      },
                      Object {
                        "num": 100,
                        "price": 1020,
                      },
                    ],
                    "classcnt": 3,
                    "time": "2020.07.11",
                  },
                ],
                "website": "大麦网",
              },
              Object {
                "actitemid": 5,
                "price": Array [
                  Object {
                    "class": Array [
                      Object {
                        "num": 100,
                        "price": 100,
                      },
                      Object {
                        "num": 100,
                        "price": 566,
                      },
                      Object {
                        "num": 100,
                        "price": 1020,
                      },
                    ],
                    "classcnt": 3,
                    "time": "2020.07.10",
                  },
                  Object {
                    "class": Array [
                      Object {
                        "num": 100,
                        "price": 100,
                      },
                      Object {
                        "num": 100,
                        "price": 566,
                      },
                      Object {
                        "num": 100,
                        "price": 1020,
                      },
                    ],
                    "classcnt": 3,
                    "time": "2020.07.11",
                  },
                ],
                "website": "聚橙网",
              },
              Object {
                "actitemid": 5,
                "price": Array [
                  Object {
                    "class": Array [
                      Object {
                        "num": 100,
                        "price": 100,
                      },
                      Object {
                        "num": 100,
                        "price": 601,
                      },
                      Object {
                        "num": 100,
                        "price": 1020,
                      },
                    ],
                    "classcnt": 3,
                    "time": "2020.07.10",
                  },
                  Object {
                    "class": Array [
                      Object {
                        "num": 100,
                        "price": 100,
                      },
                      Object {
                        "num": 100,
                        "price": 601,
                      },
                      Object {
                        "num": 100,
                        "price": 1020,
                      },
                    ],
                    "classcnt": 3,
                    "time": "2020.07.11",
                  },
                ],
                "website": "永乐票务",
              },
            ],
            "activityIcon": "https://img.alicdn.com/bao/uploaded/https://img.alicdn.com/imgextra/i3/2251059038/O1CN01u75gQD2GdSE5mzI9I_!!2251059038.jpg",
            "actors": "  ",
            "category": "音乐会 ",
            "city": "成都 ",
            "price": 100,
            "price_str": "100-680 ",
            "subcategory": "其他 ",
            "timescale": "2020.10.23 周五 19:30 ",
            "title": "法国普罗旺斯-维尔顿室内乐团2020访华巡演 舒伯特《冬之旅》专场视听音乐会 ",
            "venue": "成都艺术中心音乐厅(原特仑苏音乐厅) ",
          },
          Object {
            "actitems": Array [
              Object {
                "actitemid": 5,
                "price": Array [
                  Object {
                    "class": Array [
                      Object {
                        "num": 100,
                        "price": 100,
                      },
                      Object {
                        "num": 100,
                        "price": 560,
                      },
                      Object {
                        "num": 100,
                        "price": 1020,
                      },
                    ],
                    "classcnt": 3,
                    "time": "2020.07.10",
                  },
                  Object {
                    "class": Array [
                      Object {
                        "num": 100,
                        "price": 100,
                      },
                      Object {
                        "num": 100,
                        "price": 560,
                      },
                      Object {
                        "num": 100,
                        "price": 1020,
                      },
                    ],
                    "classcnt": 3,
                    "time": "2020.07.11",
                  },
                ],
                "website": "大麦网",
              },
              Object {
                "actitemid": 5,
                "price": Array [
                  Object {
                    "class": Array [
                      Object {
                        "num": 100,
                        "price": 100,
                      },
                      Object {
                        "num": 100,
                        "price": 566,
                      },
                      Object {
                        "num": 100,
                        "price": 1020,
                      },
                    ],
                    "classcnt": 3,
                    "time": "2020.07.10",
                  },
                  Object {
                    "class": Array [
                      Object {
                        "num": 100,
                        "price": 100,
                      },
                      Object {
                        "num": 100,
                        "price": 566,
                      },
                      Object {
                        "num": 100,
                        "price": 1020,
                      },
                    ],
                    "classcnt": 3,
                    "time": "2020.07.11",
                  },
                ],
                "website": "聚橙网",
              },
              Object {
                "actitemid": 5,
                "price": Array [
                  Object {
                    "class": Array [
                      Object {
                        "num": 100,
                        "price": 100,
                      },
                      Object {
                        "num": 100,
                        "price": 601,
                      },
                      Object {
                        "num": 100,
                        "price": 1020,
                      },
                    ],
                    "classcnt": 3,
                    "time": "2020.07.10",
                  },
                  Object {
                    "class": Array [
                      Object {
                        "num": 100,
                        "price": 100,
                      },
                      Object {
                        "num": 100,
                        "price": 601,
                      },
                      Object {
                        "num": 100,
                        "price": 1020,
                      },
                    ],
                    "classcnt": 3,
                    "time": "2020.07.11",
                  },
                ],
                "website": "永乐票务",
              },
            ],
            "activityIcon": "https://img.alicdn.com/bao/uploaded/https://img.alicdn.com/imgextra/i2/2251059038/O1CN01Ezm12J2GdSDgGLvXd_!!2251059038.jpg",
            "actors": " 艺人：梁静茹 ",
            "category": "演唱会 ",
            "city": "广州 ",
            "price": 399,
            "price_str": "399-1299 ",
            "subcategory": "流行 ",
            "timescale": "2020.02.29-12.31 ",
            "title": "202020当我们谈论爱情-梁静茹世界巡回演唱会广州站 ",
            "venue": "广州宝能观致文化中心 ",
          },
          Object {
            "actitems": Array [
              Object {
                "actitemid": 5,
                "price": Array [
                  Object {
                    "class": Array [
                      Object {
                        "num": 100,
                        "price": 100,
                      },
                      Object {
                        "num": 100,
                        "price": 560,
                      },
                      Object {
                        "num": 100,
                        "price": 1020,
                      },
                    ],
                    "classcnt": 3,
                    "time": "2020.07.10",
                  },
                  Object {
                    "class": Array [
                      Object {
                        "num": 100,
                        "price": 100,
                      },
                      Object {
                        "num": 100,
                        "price": 560,
                      },
                      Object {
                        "num": 100,
                        "price": 1020,
                      },
                    ],
                    "classcnt": 3,
                    "time": "2020.07.11",
                  },
                ],
                "website": "大麦网",
              },
              Object {
                "actitemid": 5,
                "price": Array [
                  Object {
                    "class": Array [
                      Object {
                        "num": 100,
                        "price": 100,
                      },
                      Object {
                        "num": 100,
                        "price": 566,
                      },
                      Object {
                        "num": 100,
                        "price": 1020,
                      },
                    ],
                    "classcnt": 3,
                    "time": "2020.07.10",
                  },
                  Object {
                    "class": Array [
                      Object {
                        "num": 100,
                        "price": 100,
                      },
                      Object {
                        "num": 100,
                        "price": 566,
                      },
                      Object {
                        "num": 100,
                        "price": 1020,
                      },
                    ],
                    "classcnt": 3,
                    "time": "2020.07.11",
                  },
                ],
                "website": "聚橙网",
              },
              Object {
                "actitemid": 5,
                "price": Array [
                  Object {
                    "class": Array [
                      Object {
                        "num": 100,
                        "price": 100,
                      },
                      Object {
                        "num": 100,
                        "price": 601,
                      },
                      Object {
                        "num": 100,
                        "price": 1020,
                      },
                    ],
                    "classcnt": 3,
                    "time": "2020.07.10",
                  },
                  Object {
                    "class": Array [
                      Object {
                        "num": 100,
                        "price": 100,
                      },
                      Object {
                        "num": 100,
                        "price": 601,
                      },
                      Object {
                        "num": 100,
                        "price": 1020,
                      },
                    ],
                    "classcnt": 3,
                    "time": "2020.07.11",
                  },
                ],
                "website": "永乐票务",
              },
            ],
            "activityIcon": "https://pimg.dmcdn.cn/perform/project/1807/180757_n.jpg?_t=1578901803781",
            "actors": "  ",
            "category": "体育 ",
            "city": "青岛 ",
            "price": 800,
            "price_str": "价格待定 ",
            "subcategory": "球类运动 ",
            "timescale": "2020.02.22-11.01 ",
            "title": "2020赛季青岛黄海足球俱乐部年卡 ",
            "venue": "青岛国信体育场 ",
          },
          Object {
            "actitems": Array [
              Object {
                "actitemid": 5,
                "price": Array [
                  Object {
                    "class": Array [
                      Object {
                        "num": 100,
                        "price": 100,
                      },
                      Object {
                        "num": 100,
                        "price": 560,
                      },
                      Object {
                        "num": 100,
                        "price": 1020,
                      },
                    ],
                    "classcnt": 3,
                    "time": "2020.07.10",
                  },
                  Object {
                    "class": Array [
                      Object {
                        "num": 100,
                        "price": 100,
                      },
                      Object {
                        "num": 100,
                        "price": 560,
                      },
                      Object {
                        "num": 100,
                        "price": 1020,
                      },
                    ],
                    "classcnt": 3,
                    "time": "2020.07.11",
                  },
                ],
                "website": "大麦网",
              },
              Object {
                "actitemid": 5,
                "price": Array [
                  Object {
                    "class": Array [
                      Object {
                        "num": 100,
                        "price": 100,
                      },
                      Object {
                        "num": 100,
                        "price": 566,
                      },
                      Object {
                        "num": 100,
                        "price": 1020,
                      },
                    ],
                    "classcnt": 3,
                    "time": "2020.07.10",
                  },
                  Object {
                    "class": Array [
                      Object {
                        "num": 100,
                        "price": 100,
                      },
                      Object {
                        "num": 100,
                        "price": 566,
                      },
                      Object {
                        "num": 100,
                        "price": 1020,
                      },
                    ],
                    "classcnt": 3,
                    "time": "2020.07.11",
                  },
                ],
                "website": "聚橙网",
              },
              Object {
                "actitemid": 5,
                "price": Array [
                  Object {
                    "class": Array [
                      Object {
                        "num": 100,
                        "price": 100,
                      },
                      Object {
                        "num": 100,
                        "price": 601,
                      },
                      Object {
                        "num": 100,
                        "price": 1020,
                      },
                    ],
                    "classcnt": 3,
                    "time": "2020.07.10",
                  },
                  Object {
                    "class": Array [
                      Object {
                        "num": 100,
                        "price": 100,
                      },
                      Object {
                        "num": 100,
                        "price": 601,
                      },
                      Object {
                        "num": 100,
                        "price": 1020,
                      },
                    ],
                    "classcnt": 3,
                    "time": "2020.07.11",
                  },
                ],
                "website": "永乐票务",
              },
            ],
            "activityIcon": "https://pimg.dmcdn.cn/perform/project/1376/137617_n.jpg?_t=1550649142409",
            "actors": " 演员: 宋晓峰、刘小光 ",
            "category": "曲苑杂坛 ",
            "city": "北京 ",
            "price": 380,
            "price_str": "380-5860 ",
            "subcategory": "其他 ",
            "timescale": "常年 ",
            "title": "北京刘老根大舞台 ",
            "venue": "刘老根大舞台北京剧场 ",
          },
          Object {
            "actitems": Array [
              Object {
                "actitemid": 5,
                "price": Array [
                  Object {
                    "class": Array [
                      Object {
                        "num": 100,
                        "price": 100,
                      },
                      Object {
                        "num": 100,
                        "price": 560,
                      },
                      Object {
                        "num": 100,
                        "price": 1020,
                      },
                    ],
                    "classcnt": 3,
                    "time": "2020.07.10",
                  },
                  Object {
                    "class": Array [
                      Object {
                        "num": 100,
                        "price": 100,
                      },
                      Object {
                        "num": 100,
                        "price": 560,
                      },
                      Object {
                        "num": 100,
                        "price": 1020,
                      },
                    ],
                    "classcnt": 3,
                    "time": "2020.07.11",
                  },
                ],
                "website": "大麦网",
              },
              Object {
                "actitemid": 5,
                "price": Array [
                  Object {
                    "class": Array [
                      Object {
                        "num": 100,
                        "price": 100,
                      },
                      Object {
                        "num": 100,
                        "price": 566,
                      },
                      Object {
                        "num": 100,
                        "price": 1020,
                      },
                    ],
                    "classcnt": 3,
                    "time": "2020.07.10",
                  },
                  Object {
                    "class": Array [
                      Object {
                        "num": 100,
                        "price": 100,
                      },
                      Object {
                        "num": 100,
                        "price": 566,
                      },
                      Object {
                        "num": 100,
                        "price": 1020,
                      },
                    ],
                    "classcnt": 3,
                    "time": "2020.07.11",
                  },
                ],
                "website": "聚橙网",
              },
              Object {
                "actitemid": 5,
                "price": Array [
                  Object {
                    "class": Array [
                      Object {
                        "num": 100,
                        "price": 100,
                      },
                      Object {
                        "num": 100,
                        "price": 601,
                      },
                      Object {
                        "num": 100,
                        "price": 1020,
                      },
                    ],
                    "classcnt": 3,
                    "time": "2020.07.10",
                  },
                  Object {
                    "class": Array [
                      Object {
                        "num": 100,
                        "price": 100,
                      },
                      Object {
                        "num": 100,
                        "price": 601,
                      },
                      Object {
                        "num": 100,
                        "price": 1020,
                      },
                    ],
                    "classcnt": 3,
                    "time": "2020.07.11",
                  },
                ],
                "website": "永乐票务",
              },
            ],
            "activityIcon": "https://pimg.dmcdn.cn/perform/project/1802/180218_n.jpg?_t=1574680096424",
            "actors": "  ",
            "category": "音乐会 ",
            "city": "西安 ",
            "price": 80,
            "price_str": "80-480 ",
            "subcategory": "管弦乐 ",
            "timescale": "2020.03.05-08.22 ",
            "title": "超燃音乐系-钢琴交响电声音乐会《加勒比海盗》 ",
            "venue": "西安音乐厅-交响大厅 ",
          },
          Object {
            "actitems": Array [
              Object {
                "actitemid": 5,
                "price": Array [
                  Object {
                    "class": Array [
                      Object {
                        "num": 100,
                        "price": 100,
                      },
                      Object {
                        "num": 100,
                        "price": 560,
                      },
                      Object {
                        "num": 100,
                        "price": 1020,
                      },
                    ],
                    "classcnt": 3,
                    "time": "2020.07.10",
                  },
                  Object {
                    "class": Array [
                      Object {
                        "num": 100,
                        "price": 100,
                      },
                      Object {
                        "num": 100,
                        "price": 560,
                      },
                      Object {
                        "num": 100,
                        "price": 1020,
                      },
                    ],
                    "classcnt": 3,
                    "time": "2020.07.11",
                  },
                ],
                "website": "大麦网",
              },
              Object {
                "actitemid": 5,
                "price": Array [
                  Object {
                    "class": Array [
                      Object {
                        "num": 100,
                        "price": 100,
                      },
                      Object {
                        "num": 100,
                        "price": 566,
                      },
                      Object {
                        "num": 100,
                        "price": 1020,
                      },
                    ],
                    "classcnt": 3,
                    "time": "2020.07.10",
                  },
                  Object {
                    "class": Array [
                      Object {
                        "num": 100,
                        "price": 100,
                      },
                      Object {
                        "num": 100,
                        "price": 566,
                      },
                      Object {
                        "num": 100,
                        "price": 1020,
                      },
                    ],
                    "classcnt": 3,
                    "time": "2020.07.11",
                  },
                ],
                "website": "聚橙网",
              },
              Object {
                "actitemid": 5,
                "price": Array [
                  Object {
                    "class": Array [
                      Object {
                        "num": 100,
                        "price": 100,
                      },
                      Object {
                        "num": 100,
                        "price": 601,
                      },
                      Object {
                        "num": 100,
                        "price": 1020,
                      },
                    ],
                    "classcnt": 3,
                    "time": "2020.07.10",
                  },
                  Object {
                    "class": Array [
                      Object {
                        "num": 100,
                        "price": 100,
                      },
                      Object {
                        "num": 100,
                        "price": 601,
                      },
                      Object {
                        "num": 100,
                        "price": 1020,
                      },
                    ],
                    "classcnt": 3,
                    "time": "2020.07.11",
                  },
                ],
                "website": "永乐票务",
              },
            ],
            "activityIcon": "https://img.alicdn.com/bao/uploaded/https://img.alicdn.com/imgextra/i2/2251059038/O1CN01ukV0dK2GdSE3OjRQC_!!2251059038.jpg",
            "actors": "  ",
            "category": "舞蹈芭蕾 ",
            "city": "广州 ",
            "price": 80,
            "price_str": "80-680 ",
            "subcategory": "舞蹈 ",
            "timescale": "2020.08.12-08.13 ",
            "title": "2020女性艺术节 舞剧《花木兰》 ",
            "venue": "广州大剧院歌剧厅 ",
          },
          Object {
            "actitems": Array [
              Object {
                "actitemid": 5,
                "price": Array [
                  Object {
                    "class": Array [
                      Object {
                        "num": 100,
                        "price": 100,
                      },
                      Object {
                        "num": 100,
                        "price": 560,
                      },
                      Object {
                        "num": 100,
                        "price": 1020,
                      },
                    ],
                    "classcnt": 3,
                    "time": "2020.07.10",
                  },
                  Object {
                    "class": Array [
                      Object {
                        "num": 100,
                        "price": 100,
                      },
                      Object {
                        "num": 100,
                        "price": 560,
                      },
                      Object {
                        "num": 100,
                        "price": 1020,
                      },
                    ],
                    "classcnt": 3,
                    "time": "2020.07.11",
                  },
                ],
                "website": "大麦网",
              },
              Object {
                "actitemid": 5,
                "price": Array [
                  Object {
                    "class": Array [
                      Object {
                        "num": 100,
                        "price": 100,
                      },
                      Object {
                        "num": 100,
                        "price": 566,
                      },
                      Object {
                        "num": 100,
                        "price": 1020,
                      },
                    ],
                    "classcnt": 3,
                    "time": "2020.07.10",
                  },
                  Object {
                    "class": Array [
                      Object {
                        "num": 100,
                        "price": 100,
                      },
                      Object {
                        "num": 100,
                        "price": 566,
                      },
                      Object {
                        "num": 100,
                        "price": 1020,
                      },
                    ],
                    "classcnt": 3,
                    "time": "2020.07.11",
                  },
                ],
                "website": "聚橙网",
              },
              Object {
                "actitemid": 5,
                "price": Array [
                  Object {
                    "class": Array [
                      Object {
                        "num": 100,
                        "price": 100,
                      },
                      Object {
                        "num": 100,
                        "price": 601,
                      },
                      Object {
                        "num": 100,
                        "price": 1020,
                      },
                    ],
                    "classcnt": 3,
                    "time": "2020.07.10",
                  },
                  Object {
                    "class": Array [
                      Object {
                        "num": 100,
                        "price": 100,
                      },
                      Object {
                        "num": 100,
                        "price": 601,
                      },
                      Object {
                        "num": 100,
                        "price": 1020,
                      },
                    ],
                    "classcnt": 3,
                    "time": "2020.07.11",
                  },
                ],
                "website": "永乐票务",
              },
            ],
            "activityIcon": "https://img.alicdn.com/bao/uploaded/https://img.alicdn.com/imgextra/i2/2251059038/O1CN01ukV0dK2GdSE3OjRQC_!!2251059038.jpg",
            "actors": "  ",
            "category": "舞蹈芭蕾 ",
            "city": "广州 ",
            "price": 80,
            "price_str": "80-680 ",
            "subcategory": "舞蹈 ",
            "timescale": "2020.08.12-08.13 ",
            "title": "2020女性艺术节 舞剧《花木兰》 ",
            "venue": "广州大剧院歌剧厅 ",
          },
          Object {
            "actitems": Array [
              Object {
                "actitemid": 5,
                "price": Array [
                  Object {
                    "class": Array [
                      Object {
                        "num": 100,
                        "price": 100,
                      },
                      Object {
                        "num": 100,
                        "price": 560,
                      },
                      Object {
                        "num": 100,
                        "price": 1020,
                      },
                    ],
                    "classcnt": 3,
                    "time": "2020.07.10",
                  },
                  Object {
                    "class": Array [
                      Object {
                        "num": 100,
                        "price": 100,
                      },
                      Object {
                        "num": 100,
                        "price": 560,
                      },
                      Object {
                        "num": 100,
                        "price": 1020,
                      },
                    ],
                    "classcnt": 3,
                    "time": "2020.07.11",
                  },
                ],
                "website": "大麦网",
              },
              Object {
                "actitemid": 5,
                "price": Array [
                  Object {
                    "class": Array [
                      Object {
                        "num": 100,
                        "price": 100,
                      },
                      Object {
                        "num": 100,
                        "price": 566,
                      },
                      Object {
                        "num": 100,
                        "price": 1020,
                      },
                    ],
                    "classcnt": 3,
                    "time": "2020.07.10",
                  },
                  Object {
                    "class": Array [
                      Object {
                        "num": 100,
                        "price": 100,
                      },
                      Object {
                        "num": 100,
                        "price": 566,
                      },
                      Object {
                        "num": 100,
                        "price": 1020,
                      },
                    ],
                    "classcnt": 3,
                    "time": "2020.07.11",
                  },
                ],
                "website": "聚橙网",
              },
              Object {
                "actitemid": 5,
                "price": Array [
                  Object {
                    "class": Array [
                      Object {
                        "num": 100,
                        "price": 100,
                      },
                      Object {
                        "num": 100,
                        "price": 601,
                      },
                      Object {
                        "num": 100,
                        "price": 1020,
                      },
                    ],
                    "classcnt": 3,
                    "time": "2020.07.10",
                  },
                  Object {
                    "class": Array [
                      Object {
                        "num": 100,
                        "price": 100,
                      },
                      Object {
                        "num": 100,
                        "price": 601,
                      },
                      Object {
                        "num": 100,
                        "price": 1020,
                      },
                    ],
                    "classcnt": 3,
                    "time": "2020.07.11",
                  },
                ],
                "website": "永乐票务",
              },
            ],
            "activityIcon": "https://img.alicdn.com/bao/uploaded/https://img.alicdn.com/imgextra/i2/2251059038/O1CN01ukV0dK2GdSE3OjRQC_!!2251059038.jpg",
            "actors": "  ",
            "category": "舞蹈芭蕾 ",
            "city": "广州 ",
            "price": 80,
            "price_str": "80-680 ",
            "subcategory": "舞蹈 ",
            "timescale": "2020.08.12-08.13 ",
            "title": "2020女性艺术节 舞剧《花木兰》 ",
            "venue": "广州大剧院歌剧厅 ",
          },
          Object {
            "actitems": Array [
              Object {
                "actitemid": 5,
                "price": Array [
                  Object {
                    "class": Array [
                      Object {
                        "num": 100,
                        "price": 100,
                      },
                      Object {
                        "num": 100,
                        "price": 560,
                      },
                      Object {
                        "num": 100,
                        "price": 1020,
                      },
                    ],
                    "classcnt": 3,
                    "time": "2020.07.10",
                  },
                  Object {
                    "class": Array [
                      Object {
                        "num": 100,
                        "price": 100,
                      },
                      Object {
                        "num": 100,
                        "price": 560,
                      },
                      Object {
                        "num": 100,
                        "price": 1020,
                      },
                    ],
                    "classcnt": 3,
                    "time": "2020.07.11",
                  },
                ],
                "website": "大麦网",
              },
              Object {
                "actitemid": 5,
                "price": Array [
                  Object {
                    "class": Array [
                      Object {
                        "num": 100,
                        "price": 100,
                      },
                      Object {
                        "num": 100,
                        "price": 566,
                      },
                      Object {
                        "num": 100,
                        "price": 1020,
                      },
                    ],
                    "classcnt": 3,
                    "time": "2020.07.10",
                  },
                  Object {
                    "class": Array [
                      Object {
                        "num": 100,
                        "price": 100,
                      },
                      Object {
                        "num": 100,
                        "price": 566,
                      },
                      Object {
                        "num": 100,
                        "price": 1020,
                      },
                    ],
                    "classcnt": 3,
                    "time": "2020.07.11",
                  },
                ],
                "website": "聚橙网",
              },
              Object {
                "actitemid": 5,
                "price": Array [
                  Object {
                    "class": Array [
                      Object {
                        "num": 100,
                        "price": 100,
                      },
                      Object {
                        "num": 100,
                        "price": 601,
                      },
                      Object {
                        "num": 100,
                        "price": 1020,
                      },
                    ],
                    "classcnt": 3,
                    "time": "2020.07.10",
                  },
                  Object {
                    "class": Array [
                      Object {
                        "num": 100,
                        "price": 100,
                      },
                      Object {
                        "num": 100,
                        "price": 601,
                      },
                      Object {
                        "num": 100,
                        "price": 1020,
                      },
                    ],
                    "classcnt": 3,
                    "time": "2020.07.11",
                  },
                ],
                "website": "永乐票务",
              },
            ],
            "activityIcon": "https://img.alicdn.com/bao/uploaded/https://img.alicdn.com/imgextra/i2/2251059038/O1CN01ukV0dK2GdSE3OjRQC_!!2251059038.jpg",
            "actors": "  ",
            "category": "舞蹈芭蕾 ",
            "city": "广州 ",
            "price": 80,
            "price_str": "80-680 ",
            "subcategory": "舞蹈 ",
            "timescale": "2020.08.12-08.13 ",
            "title": "2020女性艺术节 舞剧《花木兰》 ",
            "venue": "广州大剧院歌剧厅 ",
          },
        ]
      }
      footer={
        <div
          style={
            Object {
              "textAlign": "center",
            }
          }
        >
          <b>
            O_ligei ! 
          </b>
           footer part
        </div>
      }
      grid={
        Object {
          "column": 1,
          "gutter": 10,
        }
      }
      pagination={
        Object {
          "onChange": [Function],
          "pageSize": 10,
        }
      }
      renderItem={[Function]}
    />
  </div>
  <Memo(BackTop) />
</div>
`;
